12-05 08:49:33.178    1556-1556/io.realm.memoryleak I/dalvikvm-heap﹕ Clamp target GC heap from 99.848MB to 96.000MB
12-05 08:49:33.178    1556-1556/io.realm.memoryleak D/dalvikvm﹕ GC_FOR_ALLOC freed 1K, 5% free 93997K/98304K, paused 86ms, total 86ms
12-05 08:49:33.266    1556-1556/io.realm.memoryleak I/dalvikvm-heap﹕ Clamp target GC heap from 99.848MB to 96.000MB
12-05 08:49:33.266    1556-1556/io.realm.memoryleak D/dalvikvm﹕ GC_FOR_ALLOC freed 1K, 5% free 93997K/98304K, paused 88ms, total 88ms
12-05 08:49:33.354    1556-1556/io.realm.memoryleak I/dalvikvm-heap﹕ Clamp target GC heap from 99.848MB to 96.000MB
12-05 08:49:33.354    1556-1556/io.realm.memoryleak D/dalvikvm﹕ GC_FOR_ALLOC freed 1K, 5% free 93997K/98304K, paused 87ms, total 87ms
12-05 08:49:33.438    1556-1556/io.realm.memoryleak I/dalvikvm-heap﹕ Clamp target GC heap from 99.848MB to 96.000MB
12-05 08:49:33.438    1556-1556/io.realm.memoryleak D/dalvikvm﹕ GC_FOR_ALLOC freed 1K, 5% free 93997K/98304K, paused 83ms, total 83ms
12-05 08:49:33.526    1556-1556/io.realm.memoryleak I/dalvikvm-heap﹕ Clamp target GC heap from 99.848MB to 96.000MB
12-05 08:49:33.526    1556-1556/io.realm.memoryleak D/dalvikvm﹕ GC_FOR_ALLOC freed 1K, 5% free 93997K/98304K, paused 88ms, total 88ms
12-05 08:49:33.606    1556-1556/io.realm.memoryleak I/dalvikvm-heap﹕ Clamp target GC heap from 99.848MB to 96.000MB
12-05 08:49:33.606    1556-1556/io.realm.memoryleak D/dalvikvm﹕ GC_FOR_ALLOC freed 1K, 5% free 93997K/98304K, paused 78ms, total 78ms
12-05 08:49:33.682    1556-1556/io.realm.memoryleak I/dalvikvm-heap﹕ Clamp target GC heap from 99.848MB to 96.000MB
12-05 08:49:33.682    1556-1556/io.realm.memoryleak D/dalvikvm﹕ GC_FOR_ALLOC freed 1K, 5% free 93997K/98304K, paused 74ms, total 74ms
12-05 08:49:33.762    1556-1556/io.realm.memoryleak I/dalvikvm-heap﹕ Clamp target GC heap from 99.848MB to 96.000MB
12-05 08:49:33.762    1556-1556/io.realm.memoryleak D/dalvikvm﹕ GC_FOR_ALLOC freed <1K, 5% free 93997K/98304K, paused 82ms, total 82ms
12-05 08:49:33.846    1556-1556/io.realm.memoryleak I/dalvikvm-heap﹕ Clamp target GC heap from 99.849MB to 96.000MB
12-05 08:49:33.846    1556-1556/io.realm.memoryleak D/dalvikvm﹕ GC_FOR_ALLOC freed <1K, 5% free 93997K/98304K, paused 81ms, total 81ms
12-05 08:49:33.926    1556-1556/io.realm.memoryleak I/dalvikvm-heap﹕ Clamp target GC heap from 99.848MB to 96.000MB
12-05 08:49:33.926    1556-1556/io.realm.memoryleak D/dalvikvm﹕ GC_FOR_ALLOC freed <1K, 5% free 93997K/98304K, paused 81ms, total 81ms
12-05 08:49:34.018    1556-1556/io.realm.memoryleak I/dalvikvm-heap﹕ Clamp target GC heap from 99.849MB to 96.000MB
12-05 08:49:34.018    1556-1556/io.realm.memoryleak D/dalvikvm﹕ GC_FOR_ALLOC freed <1K, 5% free 93997K/98304K, paused 91ms, total 91ms
12-05 08:49:34.102    1556-1556/io.realm.memoryleak I/dalvikvm-heap﹕ Clamp target GC heap from 99.849MB to 96.000MB
12-05 08:49:34.102    1556-1556/io.realm.memoryleak D/dalvikvm﹕ GC_FOR_ALLOC freed <1K, 5% free 93997K/98304K, paused 83ms, total 83ms
12-05 08:49:34.190    1556-1556/io.realm.memoryleak I/dalvikvm-heap﹕ Clamp target GC heap from 99.849MB to 96.000MB
12-05 08:49:34.190    1556-1556/io.realm.memoryleak D/dalvikvm﹕ GC_FOR_ALLOC freed <1K, 5% free 93997K/98304K, paused 87ms, total 87ms
12-05 08:49:34.282    1556-1556/io.realm.memoryleak I/dalvikvm-heap﹕ Clamp target GC heap from 99.849MB to 96.000MB
12-05 08:49:34.282    1556-1556/io.realm.memoryleak D/dalvikvm﹕ GC_FOR_ALLOC freed <1K, 5% free 93997K/98304K, paused 91ms, total 91ms
12-05 08:49:34.366    1556-1556/io.realm.memoryleak I/dalvikvm-heap﹕ Clamp target GC heap from 99.849MB to 96.000MB
12-05 08:49:34.366    1556-1556/io.realm.memoryleak D/dalvikvm﹕ GC_FOR_ALLOC freed <1K, 5% free 93997K/98304K, paused 83ms, total 83ms
12-05 08:49:34.446    1556-1556/io.realm.memoryleak I/dalvikvm-heap﹕ Clamp target GC heap from 99.849MB to 96.000MB
12-05 08:49:34.446    1556-1556/io.realm.memoryleak D/dalvikvm﹕ GC_FOR_ALLOC freed <1K, 5% free 93997K/98304K, paused 80ms, total 80ms
12-05 08:49:34.530    1556-1556/io.realm.memoryleak I/dalvikvm-heap﹕ Clamp target GC heap from 99.849MB to 96.000MB
12-05 08:49:34.530    1556-1556/io.realm.memoryleak D/dalvikvm﹕ GC_FOR_ALLOC freed <1K, 5% free 93997K/98304K, paused 83ms, total 84ms
12-05 08:49:34.614    1556-1556/io.realm.memoryleak I/dalvikvm-heap﹕ Clamp target GC heap from 99.849MB to 96.000MB
12-05 08:49:34.614    1556-1556/io.realm.memoryleak D/dalvikvm﹕ GC_FOR_ALLOC freed <1K, 5% free 93997K/98304K, paused 83ms, total 83ms
12-05 08:49:34.702    1556-1556/io.realm.memoryleak I/dalvikvm-heap﹕ Clamp target GC heap from 99.849MB to 96.000MB
12-05 08:49:34.702    1556-1556/io.realm.memoryleak D/dalvikvm﹕ GC_FOR_ALLOC freed <1K, 5% free 93998K/98304K, paused 86ms, total 86ms
12-05 08:49:34.782    1556-1556/io.realm.memoryleak I/dalvikvm-heap﹕ Clamp target GC heap from 99.849MB to 96.000MB
12-05 08:49:34.786    1556-1556/io.realm.memoryleak D/dalvikvm﹕ GC_FOR_ALLOC freed <1K, 5% free 93997K/98304K, paused 84ms, total 84ms
12-05 08:49:34.870    1556-1556/io.realm.memoryleak I/dalvikvm-heap﹕ Clamp target GC heap from 99.849MB to 96.000MB
12-05 08:49:34.870    1556-1556/io.realm.memoryleak D/dalvikvm﹕ GC_FOR_ALLOC freed <1K, 5% free 93998K/98304K, paused 86ms, total 86ms
12-05 08:49:34.958    1556-1556/io.realm.memoryleak I/dalvikvm-heap﹕ Clamp target GC heap from 99.849MB to 96.000MB
12-05 08:49:34.958    1556-1556/io.realm.memoryleak D/dalvikvm﹕ GC_FOR_ALLOC freed <1K, 5% free 93998K/98304K, paused 88ms, total 88ms
12-05 08:49:35.042    1556-1565/io.realm.memoryleak I/dalvikvm-heap﹕ Clamp target GC heap from 99.849MB to 96.000MB
12-05 08:49:35.042    1556-1565/io.realm.memoryleak D/dalvikvm﹕ GC_FOR_ALLOC freed <1K, 5% free 93998K/98304K, paused 82ms, total 82ms
12-05 08:49:35.122    1556-1556/io.realm.memoryleak I/dalvikvm-heap﹕ Clamp target GC heap from 99.849MB to 96.000MB
12-05 08:49:35.122    1556-1556/io.realm.memoryleak D/dalvikvm﹕ GC_FOR_ALLOC freed <1K, 5% free 93998K/98304K, paused 81ms, total 81ms
12-05 08:49:35.206    1556-1570/io.realm.memoryleak I/dalvikvm-heap﹕ Clamp target GC heap from 99.849MB to 96.000MB
12-05 08:49:35.206    1556-1570/io.realm.memoryleak D/dalvikvm﹕ GC_FOR_ALLOC freed <1K, 5% free 93998K/98304K, paused 85ms, total 85ms
12-05 08:49:35.298    1556-1565/io.realm.memoryleak I/dalvikvm-heap﹕ Clamp target GC heap from 99.849MB to 96.000MB
12-05 08:49:35.298    1556-1565/io.realm.memoryleak D/dalvikvm﹕ GC_FOR_ALLOC freed <1K, 5% free 93998K/98304K, paused 91ms, total 91ms
12-05 08:49:35.390    1556-1556/io.realm.memoryleak I/dalvikvm-heap﹕ Clamp target GC heap from 99.849MB to 96.000MB
12-05 08:49:35.390    1556-1556/io.realm.memoryleak D/dalvikvm﹕ GC_FOR_ALLOC freed <1K, 5% free 93998K/98304K, paused 94ms, total 94ms
12-05 08:49:35.478    1556-1570/io.realm.memoryleak I/dalvikvm-heap﹕ Clamp target GC heap from 99.849MB to 96.000MB
12-05 08:49:35.478    1556-1570/io.realm.memoryleak D/dalvikvm﹕ GC_FOR_ALLOC freed <1K, 5% free 93998K/98304K, paused 87ms, total 87ms
12-05 08:49:35.570    1556-1556/io.realm.memoryleak I/dalvikvm-heap﹕ Clamp target GC heap from 99.849MB to 96.000MB
12-05 08:49:35.570    1556-1556/io.realm.memoryleak D/dalvikvm﹕ GC_FOR_ALLOC freed <1K, 5% free 93998K/98304K, paused 89ms, total 90ms
12-05 08:49:35.646    1556-1565/io.realm.memoryleak I/dalvikvm-heap﹕ Clamp target GC heap from 99.849MB to 96.000MB
12-05 08:49:35.646    1556-1565/io.realm.memoryleak D/dalvikvm﹕ GC_FOR_ALLOC freed <1K, 5% free 93998K/98304K, paused 77ms, total 77ms
12-05 08:49:35.726    1556-1570/io.realm.memoryleak I/dalvikvm-heap﹕ Clamp target GC heap from 99.849MB to 96.000MB
12-05 08:49:35.726    1556-1570/io.realm.memoryleak D/dalvikvm﹕ GC_FOR_ALLOC freed <1K, 5% free 93998K/98304K, paused 78ms, total 78ms
12-05 08:49:35.802    1556-1556/io.realm.memoryleak I/dalvikvm-heap﹕ Clamp target GC heap from 99.849MB to 96.000MB
12-05 08:49:35.802    1556-1556/io.realm.memoryleak D/dalvikvm﹕ GC_FOR_ALLOC freed <1K, 5% free 93998K/98304K, paused 79ms, total 79ms
12-05 08:49:35.882    1556-1565/io.realm.memoryleak I/dalvikvm-heap﹕ Clamp target GC heap from 99.849MB to 96.000MB
12-05 08:49:35.882    1556-1565/io.realm.memoryleak D/dalvikvm﹕ GC_FOR_ALLOC freed <1K, 5% free 93998K/98304K, paused 79ms, total 79ms
12-05 08:49:35.974    1556-1556/io.realm.memoryleak I/dalvikvm-heap﹕ Clamp target GC heap from 99.849MB to 96.000MB
12-05 08:49:35.974    1556-1556/io.realm.memoryleak D/dalvikvm﹕ GC_FOR_ALLOC freed <1K, 5% free 93998K/98304K, paused 92ms, total 92ms
12-05 08:49:36.062    1556-1570/io.realm.memoryleak I/dalvikvm-heap﹕ Clamp target GC heap from 99.849MB to 96.000MB
12-05 08:49:36.062    1556-1570/io.realm.memoryleak D/dalvikvm﹕ GC_FOR_ALLOC freed <1K, 5% free 93998K/98304K, paused 86ms, total 86ms
12-05 08:49:36.142    1556-1556/io.realm.memoryleak I/dalvikvm-heap﹕ Clamp target GC heap from 99.849MB to 96.000MB
12-05 08:49:36.142    1556-1556/io.realm.memoryleak D/dalvikvm﹕ GC_FOR_ALLOC freed <1K, 5% free 93998K/98304K, paused 80ms, total 80ms
12-05 08:49:36.222    1556-1556/io.realm.memoryleak I/dalvikvm-heap﹕ Clamp target GC heap from 99.849MB to 96.000MB
12-05 08:49:36.222    1556-1556/io.realm.memoryleak D/dalvikvm﹕ GC_FOR_ALLOC freed <1K, 5% free 93998K/98304K, paused 79ms, total 79ms
12-05 08:49:36.298    1556-1570/io.realm.memoryleak I/dalvikvm-heap﹕ Clamp target GC heap from 99.849MB to 96.000MB
12-05 08:49:36.298    1556-1570/io.realm.memoryleak D/dalvikvm﹕ GC_FOR_ALLOC freed <1K, 5% free 93998K/98304K, paused 79ms, total 79ms
12-05 08:49:36.382    1556-1565/io.realm.memoryleak I/dalvikvm-heap﹕ Clamp target GC heap from 99.849MB to 96.000MB
12-05 08:49:36.382    1556-1565/io.realm.memoryleak D/dalvikvm﹕ GC_FOR_ALLOC freed <1K, 5% free 93998K/98304K, paused 84ms, total 84ms
12-05 08:49:36.470    1556-1556/io.realm.memoryleak I/dalvikvm-heap﹕ Clamp target GC heap from 99.849MB to 96.000MB
12-05 08:49:36.470    1556-1556/io.realm.memoryleak D/dalvikvm﹕ GC_FOR_ALLOC freed <1K, 5% free 93998K/98304K, paused 87ms, total 87ms
12-05 08:49:36.474    1556-1556/io.realm.memoryleak I/dalvikvm-heap﹕ Forcing collection of SoftReferences for 32-byte allocation
12-05 08:49:36.630    1556-1556/io.realm.memoryleak I/dalvikvm-heap﹕ Clamp target GC heap from 99.849MB to 96.000MB
12-05 08:49:36.630    1556-1556/io.realm.memoryleak D/dalvikvm﹕ GC_BEFORE_OOM freed <1K, 5% free 93997K/98304K, paused 156ms, total 156ms
12-05 08:49:36.630    1556-1556/io.realm.memoryleak E/dalvikvm-heap﹕ Out of memory on a 32-byte allocation.
12-05 08:49:36.630    1556-1556/io.realm.memoryleak I/dalvikvm﹕ "main" prio=5 tid=1 RUNNABLE
12-05 08:49:36.630    1556-1556/io.realm.memoryleak I/dalvikvm﹕ | group="main" sCount=0 dsCount=0 obj=0xa4d6fbd8 self=0xb8d7eeb0
12-05 08:49:36.630    1556-1556/io.realm.memoryleak I/dalvikvm﹕ | sysTid=1556 nice=0 sched=0/0 cgrp=apps handle=-1216470976
12-05 08:49:36.630    1556-1556/io.realm.memoryleak I/dalvikvm﹕ | state=R schedstat=( 38956473651 5743040532 455417 ) utm=3688 stm=207 core=0
12-05 08:49:36.630    1556-1556/io.realm.memoryleak I/dalvikvm﹕ at java.lang.reflect.Constructor.constructNative(Native Method)
12-05 08:49:36.630    1556-1556/io.realm.memoryleak I/dalvikvm﹕ at java.lang.reflect.Constructor.newInstance(Constructor.java:423)
12-05 08:49:36.630    1556-1556/io.realm.memoryleak I/dalvikvm﹕ at io.realm.Realm.get(Realm.java:723)
12-05 08:49:36.630    1556-1556/io.realm.memoryleak I/dalvikvm﹕ at io.realm.RealmResults.get(RealmResults.java:99)
12-05 08:49:36.630    1556-1556/io.realm.memoryleak I/dalvikvm﹕ at io.realm.RealmResults$RealmResultsIterator.next(RealmResults.java:433)
12-05 08:49:36.630    1556-1556/io.realm.memoryleak I/dalvikvm﹕ at io.realm.RealmResults$RealmResultsIterator.next(RealmResults.java:412)
12-05 08:49:36.630    1556-1556/io.realm.memoryleak I/dalvikvm﹕ at io.realm.memoryleak.MainActivity.refreshUI(MainActivity.java:78)
12-05 08:49:36.630    1556-1556/io.realm.memoryleak I/dalvikvm﹕ at io.realm.memoryleak.MainActivity.access$000(MainActivity.java:12)
12-05 08:49:36.630    1556-1556/io.realm.memoryleak I/dalvikvm﹕ at io.realm.memoryleak.MainActivity$1.onChange(MainActivity.java:20)
12-05 08:49:36.630    1556-1556/io.realm.memoryleak I/dalvikvm﹕ at io.realm.Realm.sendNotifications(Realm.java:830)
12-05 08:49:36.630    1556-1556/io.realm.memoryleak I/dalvikvm﹕ at io.realm.Realm$RealmCallback.handleMessage(Realm.java:183)
12-05 08:49:36.630    1556-1556/io.realm.memoryleak I/dalvikvm﹕ at android.os.Handler.dispatchMessage(Handler.java:98)
12-05 08:49:36.630    1556-1556/io.realm.memoryleak I/dalvikvm﹕ at android.os.Looper.loop(Looper.java:136)
12-05 08:49:36.630    1556-1556/io.realm.memoryleak I/dalvikvm﹕ at android.app.ActivityThread.main(ActivityThread.java:5001)
12-05 08:49:36.630    1556-1556/io.realm.memoryleak I/dalvikvm﹕ at java.lang.reflect.Method.invokeNative(Native Method)
12-05 08:49:36.630    1556-1556/io.realm.memoryleak I/dalvikvm﹕ at java.lang.reflect.Method.invoke(Method.java:515)
12-05 08:49:36.630    1556-1556/io.realm.memoryleak I/dalvikvm﹕ at com.android.internal.os.ZygoteInit$MethodAndArgsCaller.run(ZygoteInit.java:785)
12-05 08:49:36.630    1556-1556/io.realm.memoryleak I/dalvikvm﹕ at com.android.internal.os.ZygoteInit.main(ZygoteInit.java:601)
12-05 08:49:36.630    1556-1556/io.realm.memoryleak I/dalvikvm﹕ at dalvik.system.NativeStart.main(Native Method)
12-05 08:49:36.630    1556-1556/io.realm.memoryleak I/dalvikvm﹕ [ 12-05 08:49:36.710  1556: 1565 I/dalvikvm-heap ]
    Clamp target GC heap from 99.849MB to 96.000MB
12-05 08:49:36.710    1556-1565/io.realm.memoryleak D/dalvikvm﹕ GC_FOR_ALLOC freed <1K, 5% free 93997K/98304K, paused 78ms, total 78ms
12-05 08:49:36.790    1556-1556/io.realm.memoryleak I/dalvikvm-heap﹕ Clamp target GC heap from 99.849MB to 96.000MB
12-05 08:49:36.790    1556-1556/io.realm.memoryleak D/dalvikvm﹕ GC_FOR_ALLOC freed 0K, 5% free 93997K/98304K, paused 81ms, total 81ms
12-05 08:49:36.790    1556-1556/io.realm.memoryleak I/dalvikvm-heap﹕ Forcing collection of SoftReferences for 164-byte allocation
12-05 08:49:36.942    1556-1556/io.realm.memoryleak I/dalvikvm-heap﹕ Clamp target GC heap from 99.849MB to 96.000MB
12-05 08:49:36.942    1556-1556/io.realm.memoryleak D/dalvikvm﹕ GC_BEFORE_OOM freed <1K, 5% free 93997K/98304K, paused 154ms, total 154ms
12-05 08:49:36.942    1556-1556/io.realm.memoryleak E/dalvikvm-heap﹕ Out of memory on a 164-byte allocation.
12-05 08:49:36.942    1556-1556/io.realm.memoryleak I/dalvikvm﹕ "main" prio=5 tid=1 RUNNABLE
12-05 08:49:36.942    1556-1556/io.realm.memoryleak I/dalvikvm﹕ | group="main" sCount=0 dsCount=0 obj=0xa4d6fbd8 self=0xb8d7eeb0
12-05 08:49:36.942    1556-1556/io.realm.memoryleak I/dalvikvm﹕ | sysTid=1556 nice=0 sched=0/0 cgrp=apps handle=-1216470976
12-05 08:49:36.942    1556-1556/io.realm.memoryleak I/dalvikvm﹕ | state=R schedstat=( 39188129330 5755650661 455473 ) utm=3710 stm=208 core=0
12-05 08:49:36.942    1556-1556/io.realm.memoryleak I/dalvikvm﹕ at java.lang.Throwable.nativeFillInStackTrace(Native Method)
12-05 08:49:36.942    1556-1556/io.realm.memoryleak I/dalvikvm﹕ at java.lang.Throwable.fillInStackTrace(Throwable.java:166)
12-05 08:49:36.942    1556-1556/io.realm.memoryleak I/dalvikvm﹕ at java.lang.Throwable.<init>(Throwable.java:85)
12-05 08:49:36.942    1556-1556/io.realm.memoryleak I/dalvikvm﹕ at java.lang.Error.<init>(Error.java:37)
12-05 08:49:36.942    1556-1556/io.realm.memoryleak I/dalvikvm﹕ at java.lang.VirtualMachineError.<init>(VirtualMachineError.java:35)
12-05 08:49:36.942    1556-1556/io.realm.memoryleak I/dalvikvm﹕ at java.lang.OutOfMemoryError.<init>(OutOfMemoryError.java:33)
12-05 08:49:36.942    1556-1556/io.realm.memoryleak I/dalvikvm﹕ at java.lang.reflect.Constructor.constructNative(Native Method)
12-05 08:49:36.942    1556-1556/io.realm.memoryleak I/dalvikvm﹕ at java.lang.reflect.Constructor.newInstance(Constructor.java:423)
12-05 08:49:36.942    1556-1556/io.realm.memoryleak I/dalvikvm﹕ at io.realm.Realm.get(Realm.java:723)
12-05 08:49:36.942    1556-1556/io.realm.memoryleak I/dalvikvm﹕ at io.realm.RealmResults.get(RealmResults.java:99)
12-05 08:49:36.946    1556-1556/io.realm.memoryleak I/dalvikvm﹕ at io.realm.RealmResults$RealmResultsIterator.next(RealmResults.java:433)
12-05 08:49:36.946    1556-1556/io.realm.memoryleak I/dalvikvm﹕ at io.realm.RealmResults$RealmResultsIterator.next(RealmResults.java:412)
12-05 08:49:36.946    1556-1556/io.realm.memoryleak I/dalvikvm﹕ at io.realm.memoryleak.MainActivity.refreshUI(MainActivity.java:78)
12-05 08:49:36.946    1556-1556/io.realm.memoryleak I/dalvikvm﹕ at io.realm.memoryleak.MainActivity.access$000(MainActivity.java:12)
12-05 08:49:36.946    1556-1556/io.realm.memoryleak I/dalvikvm﹕ at io.realm.memoryleak.MainActivity$1.onChange(MainActivity.java:20)
12-05 08:49:36.946    1556-1556/io.realm.memoryleak I/dalvikvm﹕ at io.realm.Realm.sendNotifications(Realm.java:830)
12-05 08:49:36.946    1556-1556/io.realm.memoryleak I/dalvikvm﹕ at io.realm.Realm$RealmCallback.handleMessage(Realm.java:183)
12-05 08:49:36.946    1556-1556/io.realm.memoryleak I/dalvikvm﹕ at android.os.Handler.dispatchMessage(Handler.java:98)
12-05 08:49:36.946    1556-1556/io.realm.memoryleak I/dalvikvm﹕ at android.os.Looper.loop(Looper.java:136)
12-05 08:49:36.946    1556-1556/io.realm.memoryleak I/dalvikvm﹕ at android.app.ActivityThread.main(ActivityThread.java:5001)
12-05 08:49:36.946    1556-1556/io.realm.memoryleak I/dalvikvm﹕ at java.lang.reflect.Method.invokeNative(Native Method)
12-05 08:49:36.946    1556-1556/io.realm.memoryleak I/dalvikvm﹕ at java.lang.reflect.Method.invoke(Method.java:515)
12-05 08:49:36.946    1556-1556/io.realm.memoryleak I/dalvikvm﹕ at com.android.internal.os.ZygoteInit$MethodAndArgsCaller.run(ZygoteInit.java:785)
12-05 08:49:36.946    1556-1556/io.realm.memoryleak I/dalvikvm﹕ at com.android.internal.os.ZygoteInit.main(ZygoteInit.java:601)
12-05 08:49:36.946    1556-1556/io.realm.memoryleak I/dalvikvm﹕ at dalvik.system.NativeStart.main(Native Method)
12-05 08:49:36.946    1556-1556/io.realm.memoryleak I/dalvikvm﹕ [ 12-05 08:49:37.026  1556: 1570 I/dalvikvm-heap ]
    Clamp target GC heap from 99.849MB to 96.000MB
12-05 08:49:37.026    1556-1556/io.realm.memoryleak W/dalvikvm﹕ Exception thrown (Ljava/lang/OutOfMemoryError;) while throwing internal exception (Ljava/lang/OutOfMemoryError;)
12-05 08:49:37.026    1556-1570/io.realm.memoryleak D/dalvikvm﹕ GC_FOR_ALLOC freed 0K, 5% free 93997K/98304K, paused 83ms, total 83ms
12-05 08:49:37.026    1556-1570/io.realm.memoryleak I/dalvikvm-heap﹕ Forcing collection of SoftReferences for 24-byte allocation
12-05 08:49:37.170    1556-1570/io.realm.memoryleak I/dalvikvm-heap﹕ Clamp target GC heap from 99.849MB to 96.000MB
12-05 08:49:37.170    1556-1570/io.realm.memoryleak D/dalvikvm﹕ GC_BEFORE_OOM freed <1K, 5% free 93997K/98304K, paused 143ms, total 143ms
12-05 08:49:37.258    1556-1565/io.realm.memoryleak I/dalvikvm-heap﹕ Clamp target GC heap from 99.849MB to 96.000MB
12-05 08:49:37.258    1556-1565/io.realm.memoryleak D/dalvikvm﹕ GC_FOR_ALLOC freed <1K, 5% free 93997K/98304K, paused 88ms, total 88ms
12-05 08:49:37.342    1556-1556/io.realm.memoryleak I/dalvikvm-heap﹕ Clamp target GC heap from 99.849MB to 96.000MB
12-05 08:49:37.342    1556-1556/io.realm.memoryleak D/dalvikvm﹕ GC_FOR_ALLOC freed <1K, 5% free 93997K/98304K, paused 85ms, total 85ms
12-05 08:49:37.342    1556-1556/io.realm.memoryleak I/dalvikvm-heap﹕ Forcing collection of SoftReferences for 76-byte allocation
12-05 08:49:37.482    1556-1556/io.realm.memoryleak I/dalvikvm-heap﹕ Clamp target GC heap from 99.849MB to 96.000MB
12-05 08:49:37.482    1556-1556/io.realm.memoryleak D/dalvikvm﹕ GC_BEFORE_OOM freed 0K, 5% free 93997K/98304K, paused 140ms, total 140ms
12-05 08:49:37.482    1556-1556/io.realm.memoryleak E/dalvikvm-heap﹕ Out of memory on a 76-byte allocation.
12-05 08:49:37.482    1556-1556/io.realm.memoryleak I/dalvikvm﹕ "main" prio=5 tid=1 RUNNABLE
12-05 08:49:37.482    1556-1556/io.realm.memoryleak I/dalvikvm﹕ | group="main" sCount=0 dsCount=0 obj=0xa4d6fbd8 self=0xb8d7eeb0
12-05 08:49:37.482    1556-1556/io.realm.memoryleak I/dalvikvm﹕ | sysTid=1556 nice=0 sched=0/0 cgrp=apps handle=-1216470976
12-05 08:49:37.482    1556-1556/io.realm.memoryleak I/dalvikvm﹕ | state=R schedstat=( 39409917274 5765353402 455528 ) utm=3730 stm=210 core=0
12-05 08:49:37.482    1556-1556/io.realm.memoryleak I/dalvikvm﹕ at java.lang.reflect.Constructor.newInstance(Constructor.java:~423)
12-05 08:49:37.482    1556-1556/io.realm.memoryleak I/dalvikvm﹕ at io.realm.Realm.get(Realm.java:723)
12-05 08:49:37.482    1556-1556/io.realm.memoryleak I/dalvikvm﹕ at io.realm.RealmResults.get(RealmResults.java:99)
12-05 08:49:37.482    1556-1556/io.realm.memoryleak I/dalvikvm﹕ at io.realm.RealmResults$RealmResultsIterator.next(RealmResults.java:433)
12-05 08:49:37.482    1556-1556/io.realm.memoryleak I/dalvikvm﹕ at io.realm.RealmResults$RealmResultsIterator.next(RealmResults.java:412)
12-05 08:49:37.482    1556-1556/io.realm.memoryleak I/dalvikvm﹕ at io.realm.memoryleak.MainActivity.refreshUI(MainActivity.java:78)
12-05 08:49:37.482    1556-1556/io.realm.memoryleak I/dalvikvm﹕ at io.realm.memoryleak.MainActivity.access$000(MainActivity.java:12)
12-05 08:49:37.482    1556-1556/io.realm.memoryleak I/dalvikvm﹕ at io.realm.memoryleak.MainActivity$1.onChange(MainActivity.java:20)
12-05 08:49:37.482    1556-1556/io.realm.memoryleak I/dalvikvm﹕ at io.realm.Realm.sendNotifications(Realm.java:830)
12-05 08:49:37.482    1556-1556/io.realm.memoryleak I/dalvikvm﹕ at io.realm.Realm$RealmCallback.handleMessage(Realm.java:183)
12-05 08:49:37.482    1556-1556/io.realm.memoryleak I/dalvikvm﹕ at android.os.Handler.dispatchMessage(Handler.java:98)
12-05 08:49:37.482    1556-1556/io.realm.memoryleak I/dalvikvm﹕ at android.os.Looper.loop(Looper.java:136)
12-05 08:49:37.482    1556-1556/io.realm.memoryleak I/dalvikvm﹕ at android.app.ActivityThread.main(ActivityThread.java:5001)
12-05 08:49:37.482    1556-1556/io.realm.memoryleak I/dalvikvm﹕ at java.lang.reflect.Method.invokeNative(Native Method)
12-05 08:49:37.482    1556-1556/io.realm.memoryleak I/dalvikvm﹕ at java.lang.reflect.Method.invoke(Method.java:515)
12-05 08:49:37.486    1556-1556/io.realm.memoryleak I/dalvikvm﹕ at com.android.internal.os.ZygoteInit$MethodAndArgsCaller.run(ZygoteInit.java:785)
12-05 08:49:37.486    1556-1556/io.realm.memoryleak I/dalvikvm﹕ at com.android.internal.os.ZygoteInit.main(ZygoteInit.java:601)
12-05 08:49:37.486    1556-1556/io.realm.memoryleak I/dalvikvm﹕ at dalvik.system.NativeStart.main(Native Method)
12-05 08:49:37.486    1556-1556/io.realm.memoryleak I/dalvikvm﹕ [ 12-05 08:49:37.566  1556: 1570 I/dalvikvm-heap ]
    Clamp target GC heap from 99.849MB to 96.000MB
12-05 08:49:37.566    1556-1570/io.realm.memoryleak D/dalvikvm﹕ GC_FOR_ALLOC freed <1K, 5% free 93997K/98304K, paused 80ms, total 80ms
12-05 08:49:37.650    1556-1556/io.realm.memoryleak I/dalvikvm-heap﹕ Clamp target GC heap from 99.849MB to 96.000MB
12-05 08:49:37.650    1556-1556/io.realm.memoryleak D/dalvikvm﹕ GC_FOR_ALLOC freed 0K, 5% free 93997K/98304K, paused 85ms, total 85ms
12-05 08:49:37.650    1556-1556/io.realm.memoryleak I/dalvikvm-heap﹕ Forcing collection of SoftReferences for 28-byte allocation
12-05 08:49:37.798    1556-1556/io.realm.memoryleak I/dalvikvm-heap﹕ Clamp target GC heap from 99.849MB to 96.000MB
12-05 08:49:37.798    1556-1556/io.realm.memoryleak D/dalvikvm﹕ GC_BEFORE_OOM freed 0K, 5% free 93997K/98304K, paused 150ms, total 150ms
12-05 08:49:37.798    1556-1556/io.realm.memoryleak E/dalvikvm-heap﹕ Out of memory on a 28-byte allocation.
12-05 08:49:37.798    1556-1556/io.realm.memoryleak I/dalvikvm﹕ "main" prio=5 tid=1 RUNNABLE
12-05 08:49:37.798    1556-1556/io.realm.memoryleak I/dalvikvm﹕ | group="main" sCount=0 dsCount=0 obj=0xa4d6fbd8 self=0xb8d7eeb0
12-05 08:49:37.798    1556-1556/io.realm.memoryleak I/dalvikvm﹕ | sysTid=1556 nice=0 sched=0/0 cgrp=apps handle=-1216470976
12-05 08:49:37.802    1556-1556/io.realm.memoryleak I/dalvikvm﹕ | state=R schedstat=( 39642077827 5776198582 455577 ) utm=3752 stm=212 core=0
12-05 08:49:37.802    1556-1556/io.realm.memoryleak I/dalvikvm﹕ at java.lang.reflect.Constructor.newInstance(Constructor.java:~423)
12-05 08:49:37.802    1556-1556/io.realm.memoryleak I/dalvikvm﹕ at io.realm.Realm.get(Realm.java:723)
12-05 08:49:37.802    1556-1556/io.realm.memoryleak I/dalvikvm﹕ at io.realm.RealmResults.get(RealmResults.java:99)
12-05 08:49:37.802    1556-1556/io.realm.memoryleak I/dalvikvm﹕ at io.realm.RealmResults$RealmResultsIterator.next(RealmResults.java:433)
12-05 08:49:37.802    1556-1556/io.realm.memoryleak I/dalvikvm﹕ at io.realm.RealmResults$RealmResultsIterator.next(RealmResults.java:412)
12-05 08:49:37.802    1556-1556/io.realm.memoryleak I/dalvikvm﹕ at io.realm.memoryleak.MainActivity.refreshUI(MainActivity.java:78)
12-05 08:49:37.802    1556-1556/io.realm.memoryleak I/dalvikvm﹕ at io.realm.memoryleak.MainActivity.access$000(MainActivity.java:12)
12-05 08:49:37.802    1556-1556/io.realm.memoryleak I/dalvikvm﹕ at io.realm.memoryleak.MainActivity$1.onChange(MainActivity.java:20)
12-05 08:49:37.802    1556-1556/io.realm.memoryleak I/dalvikvm﹕ at io.realm.Realm.sendNotifications(Realm.java:830)
12-05 08:49:37.802    1556-1556/io.realm.memoryleak I/dalvikvm﹕ at io.realm.Realm$RealmCallback.handleMessage(Realm.java:183)
12-05 08:49:37.802    1556-1556/io.realm.memoryleak I/dalvikvm﹕ at android.os.Handler.dispatchMessage(Handler.java:98)
12-05 08:49:37.802    1556-1556/io.realm.memoryleak I/dalvikvm﹕ at android.os.Looper.loop(Looper.java:136)
12-05 08:49:37.802    1556-1556/io.realm.memoryleak I/dalvikvm﹕ at android.app.ActivityThread.main(ActivityThread.java:5001)
12-05 08:49:37.802    1556-1556/io.realm.memoryleak I/dalvikvm﹕ at java.lang.reflect.Method.invokeNative(Native Method)
12-05 08:49:37.802    1556-1556/io.realm.memoryleak I/dalvikvm﹕ at java.lang.reflect.Method.invoke(Method.java:515)
12-05 08:49:37.802    1556-1556/io.realm.memoryleak I/dalvikvm﹕ at com.android.internal.os.ZygoteInit$MethodAndArgsCaller.run(ZygoteInit.java:785)
12-05 08:49:37.802    1556-1556/io.realm.memoryleak I/dalvikvm﹕ at com.android.internal.os.ZygoteInit.main(ZygoteInit.java:601)
12-05 08:49:37.802    1556-1556/io.realm.memoryleak I/dalvikvm﹕ at dalvik.system.NativeStart.main(Native Method)
12-05 08:49:37.802    1556-1556/io.realm.memoryleak I/dalvikvm﹕ [ 12-05 08:49:37.810  1556: 1556 W/dalvikvm ]
    Could not resolve class ref'ed in exception catch list (class index 1589, exception Ljava/lang/OutOfMemoryError;)
12-05 08:49:37.882    1556-1570/io.realm.memoryleak I/dalvikvm-heap﹕ Clamp target GC heap from 99.849MB to 96.000MB
12-05 08:49:37.886    1556-1570/io.realm.memoryleak D/dalvikvm﹕ GC_FOR_ALLOC freed 0K, 5% free 93997K/98304K, paused 84ms, total 84ms
12-05 08:49:37.886    1556-1570/io.realm.memoryleak I/dalvikvm-heap﹕ Forcing collection of SoftReferences for 32-byte allocation
12-05 08:49:38.026    1556-1570/io.realm.memoryleak I/dalvikvm-heap﹕ Clamp target GC heap from 99.849MB to 96.000MB
12-05 08:49:38.026    1556-1570/io.realm.memoryleak D/dalvikvm﹕ GC_BEFORE_OOM freed <1K, 5% free 93997K/98304K, paused 141ms, total 141ms
12-05 08:49:38.118    1556-1556/io.realm.memoryleak I/dalvikvm-heap﹕ Clamp target GC heap from 99.849MB to 96.000MB
12-05 08:49:38.118    1556-1556/io.realm.memoryleak D/dalvikvm﹕ GC_FOR_ALLOC freed 0K, 5% free 93997K/98304K, paused 91ms, total 91ms
12-05 08:49:38.118    1556-1556/io.realm.memoryleak I/dalvikvm-heap﹕ Forcing collection of SoftReferences for 24-byte allocation
12-05 08:49:38.266    1556-1556/io.realm.memoryleak I/dalvikvm-heap﹕ Clamp target GC heap from 99.849MB to 96.000MB
12-05 08:49:38.266    1556-1556/io.realm.memoryleak D/dalvikvm﹕ GC_BEFORE_OOM freed <1K, 5% free 93997K/98304K, paused 147ms, total 147ms
12-05 08:49:38.350    1556-1570/io.realm.memoryleak I/dalvikvm-heap﹕ Clamp target GC heap from 99.849MB to 96.000MB
12-05 08:49:38.350    1556-1570/io.realm.memoryleak D/dalvikvm﹕ GC_FOR_ALLOC freed <1K, 5% free 93997K/98304K, paused 84ms, total 84ms
12-05 08:49:38.430    1556-1565/io.realm.memoryleak I/dalvikvm-heap﹕ Clamp target GC heap from 99.849MB to 96.000MB
12-05 08:49:38.430    1556-1565/io.realm.memoryleak D/dalvikvm﹕ GC_FOR_ALLOC freed <1K, 5% free 93997K/98304K, paused 82ms, total 82ms
12-05 08:49:38.510    1556-1556/io.realm.memoryleak I/dalvikvm-heap﹕ Clamp target GC heap from 99.849MB to 96.000MB
12-05 08:49:38.510    1556-1556/io.realm.memoryleak D/dalvikvm﹕ GC_FOR_ALLOC freed 0K, 5% free 93997K/98304K, paused 79ms, total 79ms
12-05 08:49:38.510    1556-1556/io.realm.memoryleak I/dalvikvm-heap﹕ Forcing collection of SoftReferences for 76-byte allocation
12-05 08:49:38.666    1556-1556/io.realm.memoryleak I/dalvikvm-heap﹕ Clamp target GC heap from 99.849MB to 96.000MB
12-05 08:49:38.666    1556-1556/io.realm.memoryleak D/dalvikvm﹕ GC_BEFORE_OOM freed <1K, 5% free 93997K/98304K, paused 155ms, total 155ms
12-05 08:49:38.666    1556-1556/io.realm.memoryleak E/dalvikvm-heap﹕ Out of memory on a 76-byte allocation.
12-05 08:49:38.666    1556-1556/io.realm.memoryleak I/dalvikvm﹕ "main" prio=5 tid=1 RUNNABLE
12-05 08:49:38.666    1556-1556/io.realm.memoryleak I/dalvikvm﹕ | group="main" sCount=0 dsCount=0 obj=0xa4d6fbd8 self=0xb8d7eeb0
12-05 08:49:38.666    1556-1556/io.realm.memoryleak I/dalvikvm﹕ | sysTid=1556 nice=0 sched=0/0 cgrp=apps handle=-1216470976
12-05 08:49:38.666    1556-1556/io.realm.memoryleak I/dalvikvm﹕ | state=R schedstat=( 40108854744 5787403683 455653 ) utm=3795 stm=215 core=0
12-05 08:49:38.666    1556-1556/io.realm.memoryleak I/dalvikvm﹕ at java.lang.reflect.Constructor.newInstance(Constructor.java:~423)
12-05 08:49:38.666    1556-1556/io.realm.memoryleak I/dalvikvm﹕ at io.realm.Realm.get(Realm.java:723)
12-05 08:49:38.666    1556-1556/io.realm.memoryleak I/dalvikvm﹕ at io.realm.RealmResults.get(RealmResults.java:99)
12-05 08:49:38.666    1556-1556/io.realm.memoryleak I/dalvikvm﹕ at io.realm.RealmResults$RealmResultsIterator.next(RealmResults.java:433)
12-05 08:49:38.666    1556-1556/io.realm.memoryleak I/dalvikvm﹕ at io.realm.RealmResults$RealmResultsIterator.next(RealmResults.java:412)
12-05 08:49:38.666    1556-1556/io.realm.memoryleak I/dalvikvm﹕ at io.realm.memoryleak.MainActivity.refreshUI(MainActivity.java:78)
12-05 08:49:38.666    1556-1556/io.realm.memoryleak I/dalvikvm﹕ at io.realm.memoryleak.MainActivity.access$000(MainActivity.java:12)
12-05 08:49:38.666    1556-1556/io.realm.memoryleak I/dalvikvm﹕ at io.realm.memoryleak.MainActivity$1.onChange(MainActivity.java:20)
12-05 08:49:38.666    1556-1556/io.realm.memoryleak I/dalvikvm﹕ at io.realm.Realm.sendNotifications(Realm.java:830)
12-05 08:49:38.666    1556-1556/io.realm.memoryleak I/dalvikvm﹕ at io.realm.Realm$RealmCallback.handleMessage(Realm.java:183)
12-05 08:49:38.666    1556-1556/io.realm.memoryleak I/dalvikvm﹕ at android.os.Handler.dispatchMessage(Handler.java:98)
12-05 08:49:38.666    1556-1556/io.realm.memoryleak I/dalvikvm﹕ at android.os.Looper.loop(Looper.java:136)
12-05 08:49:38.666    1556-1556/io.realm.memoryleak I/dalvikvm﹕ at android.app.ActivityThread.main(ActivityThread.java:5001)
12-05 08:49:38.666    1556-1556/io.realm.memoryleak I/dalvikvm﹕ at java.lang.reflect.Method.invokeNative(Native Method)
12-05 08:49:38.666    1556-1556/io.realm.memoryleak I/dalvikvm﹕ at java.lang.reflect.Method.invoke(Method.java:515)
12-05 08:49:38.666    1556-1556/io.realm.memoryleak I/dalvikvm﹕ at com.android.internal.os.ZygoteInit$MethodAndArgsCaller.run(ZygoteInit.java:785)
12-05 08:49:38.666    1556-1556/io.realm.memoryleak I/dalvikvm﹕ at com.android.internal.os.ZygoteInit.main(ZygoteInit.java:601)
12-05 08:49:38.666    1556-1556/io.realm.memoryleak I/dalvikvm﹕ at dalvik.system.NativeStart.main(Native Method)
12-05 08:49:38.666    1556-1556/io.realm.memoryleak I/dalvikvm﹕ [ 12-05 08:49:38.750  1556: 1556 I/dalvikvm-heap ]
    Clamp target GC heap from 99.849MB to 96.000MB
12-05 08:49:38.750    1556-1556/io.realm.memoryleak D/dalvikvm﹕ GC_FOR_ALLOC freed <1K, 5% free 93997K/98304K, paused 80ms, total 80ms
12-05 08:49:38.838    1556-1570/io.realm.memoryleak I/dalvikvm-heap﹕ Clamp target GC heap from 99.849MB to 96.000MB
12-05 08:49:38.838    1556-1570/io.realm.memoryleak D/dalvikvm﹕ GC_FOR_ALLOC freed 0K, 5% free 93997K/98304K, paused 90ms, total 90ms
12-05 08:49:38.842    1556-1570/io.realm.memoryleak I/dalvikvm-heap﹕ Forcing collection of SoftReferences for 20-byte allocation
12-05 08:49:38.990    1556-1570/io.realm.memoryleak I/dalvikvm-heap﹕ Clamp target GC heap from 99.849MB to 96.000MB
12-05 08:49:38.990    1556-1570/io.realm.memoryleak D/dalvikvm﹕ GC_BEFORE_OOM freed 0K, 5% free 93997K/98304K, paused 152ms, total 152ms
12-05 08:49:38.994    1556-1570/io.realm.memoryleak E/dalvikvm-heap﹕ Out of memory on a 20-byte allocation.
12-05 08:49:38.994    1556-1570/io.realm.memoryleak I/dalvikvm﹕ "Thread-121" prio=5 tid=11 RUNNABLE
12-05 08:49:38.994    1556-1570/io.realm.memoryleak I/dalvikvm﹕ | group="main" sCount=0 dsCount=0 obj=0xa5055e68 self=0xb8ecf810
12-05 08:49:38.994    1556-1570/io.realm.memoryleak I/dalvikvm﹕ | sysTid=1570 nice=0 sched=0/0 cgrp=apps handle=-1192418832
12-05 08:49:38.994    1556-1570/io.realm.memoryleak I/dalvikvm﹕ | state=R schedstat=( 2205977125 337355154 6801 ) utm=134 stm=86 core=0
12-05 08:49:38.994    1556-1570/io.realm.memoryleak I/dalvikvm﹕ at io.realm.Realm.sendNotifications(Realm.java:~828)
12-05 08:49:38.994    1556-1570/io.realm.memoryleak I/dalvikvm﹕ at io.realm.Realm.commitTransaction(Realm.java:896)
12-05 08:49:38.994    1556-1570/io.realm.memoryleak I/dalvikvm﹕ at io.realm.memoryleak.MainActivity$2.run(MainActivity.java:48)
12-05 08:49:38.994    1556-1570/io.realm.memoryleak I/dalvikvm﹕ at java.lang.Thread.run(Thread.java:841)
12-05 08:49:38.994    1556-1570/io.realm.memoryleak I/dalvikvm﹕ [ 12-05 08:49:39.078  1556: 1556 I/dalvikvm-heap ]
    Clamp target GC heap from 99.849MB to 96.000MB
12-05 08:49:39.078    1556-1556/io.realm.memoryleak D/dalvikvm﹕ GC_FOR_ALLOC freed 0K, 5% free 93997K/98304K, paused 84ms, total 84ms
12-05 08:49:39.078    1556-1556/io.realm.memoryleak I/dalvikvm-heap﹕ Forcing collection of SoftReferences for 156-byte allocation
12-05 08:49:39.230    1556-1556/io.realm.memoryleak I/dalvikvm-heap﹕ Clamp target GC heap from 99.849MB to 96.000MB
12-05 08:49:39.230    1556-1556/io.realm.memoryleak D/dalvikvm﹕ GC_BEFORE_OOM freed 0K, 5% free 93997K/98304K, paused 152ms, total 152ms
12-05 08:49:39.230    1556-1556/io.realm.memoryleak E/dalvikvm-heap﹕ Out of memory on a 156-byte allocation.
12-05 08:49:39.230    1556-1556/io.realm.memoryleak I/dalvikvm﹕ "main" prio=5 tid=1 RUNNABLE
12-05 08:49:39.230    1556-1556/io.realm.memoryleak I/dalvikvm﹕ | group="main" sCount=0 dsCount=0 obj=0xa4d6fbd8 self=0xb8d7eeb0
12-05 08:49:39.230    1556-1556/io.realm.memoryleak I/dalvikvm﹕ | sysTid=1556 nice=0 sched=0/0 cgrp=apps handle=-1216470976
12-05 08:49:39.230    1556-1556/io.realm.memoryleak I/dalvikvm﹕ | state=R schedstat=( 40420336035 5795232118 455710 ) utm=3825 stm=216 core=0
12-05 08:49:39.230    1556-1556/io.realm.memoryleak I/dalvikvm﹕ at java.lang.Throwable.nativeFillInStackTrace(Native Method)
12-05 08:49:39.230    1556-1556/io.realm.memoryleak I/dalvikvm﹕ at java.lang.Throwable.fillInStackTrace(Throwable.java:166)
12-05 08:49:39.230    1556-1556/io.realm.memoryleak I/dalvikvm﹕ at java.lang.Throwable.<init>(Throwable.java:85)
12-05 08:49:39.230    1556-1556/io.realm.memoryleak I/dalvikvm﹕ at java.lang.Error.<init>(Error.java:37)
12-05 08:49:39.230    1556-1556/io.realm.memoryleak I/dalvikvm﹕ at java.lang.VirtualMachineError.<init>(VirtualMachineError.java:35)
12-05 08:49:39.230    1556-1556/io.realm.memoryleak I/dalvikvm﹕ at java.lang.OutOfMemoryError.<init>(OutOfMemoryError.java:33)
12-05 08:49:39.230    1556-1556/io.realm.memoryleak I/dalvikvm﹕ at java.lang.reflect.Constructor.newInstance(Constructor.java:-1)
12-05 08:49:39.230    1556-1556/io.realm.memoryleak I/dalvikvm﹕ at io.realm.Realm.get(Realm.java:723)
12-05 08:49:39.230    1556-1556/io.realm.memoryleak I/dalvikvm﹕ at io.realm.RealmResults.get(RealmResults.java:99)
12-05 08:49:39.230    1556-1556/io.realm.memoryleak I/dalvikvm﹕ at io.realm.RealmResults$RealmResultsIterator.next(RealmResults.java:433)
12-05 08:49:39.230    1556-1556/io.realm.memoryleak I/dalvikvm﹕ at io.realm.RealmResults$RealmResultsIterator.next(RealmResults.java:412)
12-05 08:49:39.230    1556-1556/io.realm.memoryleak I/dalvikvm﹕ at io.realm.memoryleak.MainActivity.refreshUI(MainActivity.java:78)
12-05 08:49:39.230    1556-1556/io.realm.memoryleak I/dalvikvm﹕ at io.realm.memoryleak.MainActivity.access$000(MainActivity.java:12)
12-05 08:49:39.230    1556-1556/io.realm.memoryleak I/dalvikvm﹕ at io.realm.memoryleak.MainActivity$1.onChange(MainActivity.java:20)
12-05 08:49:39.230    1556-1556/io.realm.memoryleak I/dalvikvm﹕ at io.realm.Realm.sendNotifications(Realm.java:830)
12-05 08:49:39.230    1556-1556/io.realm.memoryleak I/dalvikvm﹕ at io.realm.Realm$RealmCallback.handleMessage(Realm.java:183)
12-05 08:49:39.230    1556-1556/io.realm.memoryleak I/dalvikvm﹕ at android.os.Handler.dispatchMessage(Handler.java:98)
12-05 08:49:39.230    1556-1556/io.realm.memoryleak I/dalvikvm﹕ at android.os.Looper.loop(Looper.java:136)
12-05 08:49:39.230    1556-1556/io.realm.memoryleak I/dalvikvm﹕ at android.app.ActivityThread.main(ActivityThread.java:5001)
12-05 08:49:39.230    1556-1556/io.realm.memoryleak I/dalvikvm﹕ at java.lang.reflect.Method.invokeNative(Native Method)
12-05 08:49:39.230    1556-1556/io.realm.memoryleak I/dalvikvm﹕ at java.lang.reflect.Method.invoke(Method.java:515)
12-05 08:49:39.230    1556-1556/io.realm.memoryleak I/dalvikvm﹕ at com.android.internal.os.ZygoteInit$MethodAndArgsCaller.run(ZygoteInit.java:785)
12-05 08:49:39.230    1556-1556/io.realm.memoryleak I/dalvikvm﹕ at com.android.internal.os.ZygoteInit.main(ZygoteInit.java:601)
12-05 08:49:39.230    1556-1556/io.realm.memoryleak I/dalvikvm﹕ at dalvik.system.NativeStart.main(Native Method)
12-05 08:49:39.230    1556-1556/io.realm.memoryleak I/dalvikvm﹕ [ 12-05 08:49:39.322  1556: 1570 I/dalvikvm-heap ]
    Clamp target GC heap from 99.849MB to 96.000MB
12-05 08:49:39.322    1556-1556/io.realm.memoryleak W/dalvikvm﹕ Exception thrown (Ljava/lang/OutOfMemoryError;) while throwing internal exception (Ljava/lang/OutOfMemoryError;)
12-05 08:49:39.322    1556-1556/io.realm.memoryleak W/dalvikvm﹕ Could not resolve class ref'ed in exception catch list (class index 1585, exception Ljava/lang/OutOfMemoryError;)
12-05 08:49:39.322    1556-1570/io.realm.memoryleak D/dalvikvm﹕ GC_FOR_ALLOC freed 0K, 5% free 93997K/98304K, paused 89ms, total 89ms
12-05 08:49:39.322    1556-1570/io.realm.memoryleak I/dalvikvm-heap﹕ Forcing collection of SoftReferences for 28-byte allocation
12-05 08:49:39.474    1556-1570/io.realm.memoryleak I/dalvikvm-heap﹕ Clamp target GC heap from 99.849MB to 96.000MB
12-05 08:49:39.474    1556-1570/io.realm.memoryleak D/dalvikvm﹕ GC_BEFORE_OOM freed <1K, 5% free 93997K/98304K, paused 153ms, total 153ms
12-05 08:49:39.558    1556-1556/io.realm.memoryleak I/dalvikvm-heap﹕ Clamp target GC heap from 99.849MB to 96.000MB
12-05 08:49:39.558    1556-1556/io.realm.memoryleak D/dalvikvm﹕ GC_FOR_ALLOC freed 0K, 5% free 93997K/98304K, paused 85ms, total 85ms
12-05 08:49:39.558    1556-1556/io.realm.memoryleak I/dalvikvm-heap﹕ Forcing collection of SoftReferences for 98-byte allocation
12-05 08:49:39.714    1556-1556/io.realm.memoryleak I/dalvikvm-heap﹕ Clamp target GC heap from 99.849MB to 96.000MB
12-05 08:49:39.714    1556-1556/io.realm.memoryleak D/dalvikvm﹕ GC_BEFORE_OOM freed 0K, 5% free 93997K/98304K, paused 153ms, total 153ms
12-05 08:49:39.714    1556-1556/io.realm.memoryleak E/dalvikvm-heap﹕ Out of memory on a 98-byte allocation.
12-05 08:49:39.714    1556-1556/io.realm.memoryleak I/dalvikvm﹕ "main" prio=5 tid=1 RUNNABLE
12-05 08:49:39.714    1556-1556/io.realm.memoryleak I/dalvikvm﹕ | group="main" sCount=0 dsCount=0 obj=0xa4d6fbd8 self=0xb8d7eeb0
12-05 08:49:39.714    1556-1556/io.realm.memoryleak I/dalvikvm﹕ | sysTid=1556 nice=0 sched=0/0 cgrp=apps handle=-1216470976
12-05 08:49:39.714    1556-1556/io.realm.memoryleak I/dalvikvm﹕ | state=R schedstat=( 40656093315 5806488588 455767 ) utm=3847 stm=218 core=0
12-05 08:49:39.714    1556-1556/io.realm.memoryleak I/dalvikvm﹕ at java.lang.reflect.Constructor.newInstance(Constructor.java:~423)
12-05 08:49:39.714    1556-1556/io.realm.memoryleak I/dalvikvm﹕ at io.realm.Realm.get(Realm.java:723)
12-05 08:49:39.714    1556-1556/io.realm.memoryleak I/dalvikvm﹕ at io.realm.RealmResults.get(RealmResults.java:99)
12-05 08:49:39.714    1556-1556/io.realm.memoryleak I/dalvikvm﹕ at io.realm.RealmResults$RealmResultsIterator.next(RealmResults.java:433)
12-05 08:49:39.714    1556-1556/io.realm.memoryleak I/dalvikvm﹕ at io.realm.RealmResults$RealmResultsIterator.next(RealmResults.java:412)
12-05 08:49:39.714    1556-1556/io.realm.memoryleak I/dalvikvm﹕ at io.realm.memoryleak.MainActivity.refreshUI(MainActivity.java:78)
12-05 08:49:39.714    1556-1556/io.realm.memoryleak I/dalvikvm﹕ at io.realm.memoryleak.MainActivity.access$000(MainActivity.java:12)
12-05 08:49:39.714    1556-1556/io.realm.memoryleak I/dalvikvm﹕ at io.realm.memoryleak.MainActivity$1.onChange(MainActivity.java:20)
12-05 08:49:39.714    1556-1556/io.realm.memoryleak I/dalvikvm﹕ at io.realm.Realm.sendNotifications(Realm.java:830)
12-05 08:49:39.714    1556-1556/io.realm.memoryleak I/dalvikvm﹕ at io.realm.Realm$RealmCallback.handleMessage(Realm.java:183)
12-05 08:49:39.714    1556-1556/io.realm.memoryleak I/dalvikvm﹕ at android.os.Handler.dispatchMessage(Handler.java:98)
12-05 08:49:39.714    1556-1556/io.realm.memoryleak I/dalvikvm﹕ at android.os.Looper.loop(Looper.java:136)
12-05 08:49:39.714    1556-1556/io.realm.memoryleak I/dalvikvm﹕ at android.app.ActivityThread.main(ActivityThread.java:5001)
12-05 08:49:39.714    1556-1556/io.realm.memoryleak I/dalvikvm﹕ at java.lang.reflect.Method.invokeNative(Native Method)
12-05 08:49:39.714    1556-1556/io.realm.memoryleak I/dalvikvm﹕ at java.lang.reflect.Method.invoke(Method.java:515)
12-05 08:49:39.714    1556-1556/io.realm.memoryleak I/dalvikvm﹕ at com.android.internal.os.ZygoteInit$MethodAndArgsCaller.run(ZygoteInit.java:785)
12-05 08:49:39.714    1556-1556/io.realm.memoryleak I/dalvikvm﹕ at com.android.internal.os.ZygoteInit.main(ZygoteInit.java:601)
12-05 08:49:39.714    1556-1556/io.realm.memoryleak I/dalvikvm﹕ at dalvik.system.NativeStart.main(Native Method)
12-05 08:49:39.714    1556-1556/io.realm.memoryleak I/dalvikvm﹕ [ 12-05 08:49:39.802  1556: 1570 I/dalvikvm-heap ]
    Clamp target GC heap from 99.849MB to 96.000MB
12-05 08:49:39.802    1556-1570/io.realm.memoryleak D/dalvikvm﹕ GC_FOR_ALLOC freed 0K, 5% free 93997K/98304K, paused 87ms, total 87ms
12-05 08:49:39.802    1556-1570/io.realm.memoryleak I/dalvikvm-heap﹕ Forcing collection of SoftReferences for 44-byte allocation
12-05 08:49:39.958    1556-1570/io.realm.memoryleak I/dalvikvm-heap﹕ Clamp target GC heap from 99.849MB to 96.000MB
12-05 08:49:39.958    1556-1570/io.realm.memoryleak D/dalvikvm﹕ GC_BEFORE_OOM freed 0K, 5% free 93997K/98304K, paused 157ms, total 157ms
12-05 08:49:39.958    1556-1570/io.realm.memoryleak E/dalvikvm-heap﹕ Out of memory on a 44-byte allocation.
12-05 08:49:39.958    1556-1570/io.realm.memoryleak I/dalvikvm﹕ "Thread-121" prio=5 tid=11 RUNNABLE
12-05 08:49:39.958    1556-1570/io.realm.memoryleak I/dalvikvm﹕ | group="main" sCount=0 dsCount=0 obj=0xa5055e68 self=0xb8ecf810
12-05 08:49:39.958    1556-1570/io.realm.memoryleak I/dalvikvm﹕ | sysTid=1570 nice=0 sched=0/0 cgrp=apps handle=-1192418832
12-05 08:49:39.958    1556-1570/io.realm.memoryleak I/dalvikvm﹕ | state=R schedstat=( 2685118285 348870408 6855 ) utm=180 stm=88 core=0
12-05 08:49:39.958    1556-1570/io.realm.memoryleak I/dalvikvm﹕ at java.lang.Throwable.nativeFillInStackTrace(Native Method)
12-05 08:49:39.958    1556-1570/io.realm.memoryleak I/dalvikvm﹕ at java.lang.Throwable.fillInStackTrace(Throwable.java:166)
12-05 08:49:39.958    1556-1570/io.realm.memoryleak I/dalvikvm﹕ at java.lang.Throwable.<init>(Throwable.java:85)
12-05 08:49:39.958    1556-1570/io.realm.memoryleak I/dalvikvm﹕ at java.lang.Error.<init>(Error.java:37)
12-05 08:49:39.958    1556-1570/io.realm.memoryleak I/dalvikvm﹕ at java.lang.VirtualMachineError.<init>(VirtualMachineError.java:35)
12-05 08:49:39.958    1556-1570/io.realm.memoryleak I/dalvikvm﹕ at java.lang.OutOfMemoryError.<init>(OutOfMemoryError.java:33)
12-05 08:49:39.958    1556-1570/io.realm.memoryleak I/dalvikvm﹕ at io.realm.Realm.sendNotifications(Realm.java:-1)
12-05 08:49:39.958    1556-1570/io.realm.memoryleak I/dalvikvm﹕ at io.realm.Realm.commitTransaction(Realm.java:896)
12-05 08:49:39.958    1556-1570/io.realm.memoryleak I/dalvikvm﹕ at io.realm.memoryleak.MainActivity$2.run(MainActivity.java:48)
12-05 08:49:39.958    1556-1570/io.realm.memoryleak I/dalvikvm﹕ at java.lang.Thread.run(Thread.java:841)
12-05 08:49:39.958    1556-1570/io.realm.memoryleak I/dalvikvm﹕ [ 12-05 08:49:40.042  1556: 1556 I/dalvikvm-heap ]
    Clamp target GC heap from 99.849MB to 96.000MB
12-05 08:49:40.042    1556-1570/io.realm.memoryleak W/dalvikvm﹕ Exception thrown (Ljava/lang/OutOfMemoryError;) while throwing internal exception (Ljava/lang/OutOfMemoryError;)
12-05 08:49:40.042    1556-1570/io.realm.memoryleak W/dalvikvm﹕ threadid=11: thread exiting with uncaught exception (group=0xa4d6eb20)
12-05 08:49:40.042    1556-1556/io.realm.memoryleak D/dalvikvm﹕ GC_FOR_ALLOC freed 0K, 5% free 93997K/98304K, paused 82ms, total 82ms
12-05 08:49:40.042    1556-1556/io.realm.memoryleak I/dalvikvm-heap﹕ Forcing collection of SoftReferences for 28-byte allocation
12-05 08:49:40.202    1556-1556/io.realm.memoryleak I/dalvikvm-heap﹕ Clamp target GC heap from 99.849MB to 96.000MB
12-05 08:49:40.202    1556-1556/io.realm.memoryleak D/dalvikvm﹕ GC_BEFORE_OOM freed <1K, 5% free 93997K/98304K, paused 160ms, total 160ms
12-05 08:49:40.294    1556-1570/io.realm.memoryleak I/dalvikvm-heap﹕ Clamp target GC heap from 99.849MB to 96.000MB
12-05 08:49:40.294    1556-1570/io.realm.memoryleak D/dalvikvm﹕ GC_FOR_ALLOC freed <1K, 5% free 93997K/98304K, paused 92ms, total 92ms
12-05 08:49:40.294    1556-1570/io.realm.memoryleak I/dalvikvm-heap﹕ Forcing collection of SoftReferences for 46-byte allocation
12-05 08:49:40.450    1556-1570/io.realm.memoryleak I/dalvikvm-heap﹕ Clamp target GC heap from 99.849MB to 96.000MB
12-05 08:49:40.450    1556-1570/io.realm.memoryleak D/dalvikvm﹕ GC_BEFORE_OOM freed 0K, 5% free 93997K/98304K, paused 157ms, total 157ms
12-05 08:49:40.450    1556-1570/io.realm.memoryleak E/dalvikvm-heap﹕ Out of memory on a 46-byte allocation.
12-05 08:49:40.450    1556-1570/io.realm.memoryleak I/dalvikvm﹕ "Thread-121" prio=5 tid=11 RUNNABLE
12-05 08:49:40.450    1556-1570/io.realm.memoryleak I/dalvikvm﹕ | group="main" sCount=0 dsCount=0 obj=0xa5055e68 self=0xb8ecf810
12-05 08:49:40.450    1556-1570/io.realm.memoryleak I/dalvikvm﹕ | sysTid=1570 nice=0 sched=0/0 cgrp=apps handle=-1192418832
12-05 08:49:40.450    1556-1570/io.realm.memoryleak I/dalvikvm﹕ | state=R schedstat=( 2930047681 361241661 6898 ) utm=202 stm=90 core=0
12-05 08:49:40.450    1556-1570/io.realm.memoryleak I/dalvikvm﹕ at com.android.internal.os.RuntimeInit$UncaughtHandler.uncaughtException(RuntimeInit.java:~74)
12-05 08:49:40.450    1556-1570/io.realm.memoryleak I/dalvikvm﹕ at java.lang.ThreadGroup.uncaughtException(ThreadGroup.java:693)
12-05 08:49:40.450    1556-1570/io.realm.memoryleak I/dalvikvm﹕ at java.lang.ThreadGroup.uncaughtException(ThreadGroup.java:690)
12-05 08:49:40.450    1556-1570/io.realm.memoryleak I/dalvikvm﹕ [ 12-05 08:49:40.534  1556: 1565 I/dalvikvm-heap ]
    Clamp target GC heap from 99.849MB to 96.000MB
12-05 08:49:40.534    1556-1565/io.realm.memoryleak D/dalvikvm﹕ GC_FOR_ALLOC freed <1K, 5% free 93997K/98304K, paused 84ms, total 84ms
12-05 08:49:40.618    1556-1556/io.realm.memoryleak I/dalvikvm-heap﹕ Clamp target GC heap from 99.849MB to 96.000MB
12-05 08:49:40.618    1556-1556/io.realm.memoryleak D/dalvikvm﹕ GC_FOR_ALLOC freed 0K, 5% free 93997K/98304K, paused 82ms, total 82ms
12-05 08:49:40.618    1556-1556/io.realm.memoryleak I/dalvikvm-heap﹕ Forcing collection of SoftReferences for 156-byte allocation
12-05 08:49:40.766    1556-1556/io.realm.memoryleak I/dalvikvm-heap﹕ Clamp target GC heap from 99.849MB to 96.000MB
12-05 08:49:40.766    1556-1556/io.realm.memoryleak D/dalvikvm﹕ GC_BEFORE_OOM freed 0K, 5% free 93997K/98304K, paused 150ms, total 150ms
12-05 08:49:40.766    1556-1556/io.realm.memoryleak E/dalvikvm-heap﹕ Out of memory on a 156-byte allocation.
12-05 08:49:40.766    1556-1556/io.realm.memoryleak I/dalvikvm﹕ "main" prio=5 tid=1 RUNNABLE
12-05 08:49:40.766    1556-1556/io.realm.memoryleak I/dalvikvm﹕ | group="main" sCount=0 dsCount=0 obj=0xa4d6fbd8 self=0xb8d7eeb0
12-05 08:49:40.766    1556-1556/io.realm.memoryleak I/dalvikvm﹕ | sysTid=1556 nice=0 sched=0/0 cgrp=apps handle=-1216470976
12-05 08:49:40.766    1556-1556/io.realm.memoryleak I/dalvikvm﹕ | state=R schedstat=( 41124062489 5817981067 455845 ) utm=3892 stm=220 core=0
12-05 08:49:40.766    1556-1556/io.realm.memoryleak I/dalvikvm﹕ at java.lang.Throwable.nativeFillInStackTrace(Native Method)
12-05 08:49:40.766    1556-1556/io.realm.memoryleak I/dalvikvm﹕ at java.lang.Throwable.fillInStackTrace(Throwable.java:166)
12-05 08:49:40.766    1556-1556/io.realm.memoryleak I/dalvikvm﹕ at java.lang.Throwable.<init>(Throwable.java:85)
12-05 08:49:40.766    1556-1556/io.realm.memoryleak I/dalvikvm﹕ at java.lang.Error.<init>(Error.java:37)
12-05 08:49:40.766    1556-1556/io.realm.memoryleak I/dalvikvm﹕ at java.lang.VirtualMachineError.<init>(VirtualMachineError.java:35)
12-05 08:49:40.766    1556-1556/io.realm.memoryleak I/dalvikvm﹕ at java.lang.OutOfMemoryError.<init>(OutOfMemoryError.java:33)
